# SPDX-FileCopyrightText: 2026 AcideFluorhydrique
# SPDX-License-Identifier: GPL-3.0-or-later
# 由 tools/genworld.py 產生，請勿手動編輯。
format 1
id north_africa
cols 54
rows 36

[terrain]
~~~~-..-------~~~~~~~~~~~~~-..-~-.--------............
~~~-.........-~~~~~~~~~~~---.-~~-....-..............hh
~~~~-........-~-----------..--~~~-...---.............h
~~~~-....------h^^^^^^hh----~~~~~-.--~~-............hh
~~~~~-------hh^^^^^^^^^h-~~~~~~~~~--~~~~--------.....h
~~~~~--hhhh^^^^^^^^^^^hh-~~~~~~~~~~~~~~~~~~~~~-......-
~~~~~-hh^^^^^^^^^^^hhhh..---~~~~~~~~~~~~~~~~~~~-......
~~~~-^^^^^^^^^^hhhhh.......--~~~~~~~~~~~~~~~~~-......-
~~~~-^^^^^^^^^hhh............--~~~~------------.......
~~~-^^^^^^^hhh................-----.......rr..........
~~--hhhhhhdddddddddddddddddddddddddd......rr:.........
~-...hdddddddddddddddddddddddddddddddd....rr:....ddddd
--.ddddddddddddddddddddddddddddddddddddd..rr:.--dddddd
ddddddddddddddddddddddddddddddddddddddddd.rr:.-.dddddd
ddddddddddddddddddddddddddddddddddddddddddrr:..-dddddd
ddddddddddddddddddddddddddddddddddddddddddrr:..-ddddd-
-ddddddddddddddddddddddddddddddddddddddddddrrd..-ddddd
dddddddddddddddddddddddddddddddddddddddddddrrd..-ddddd
ddddddddddddddddddddddddddddddddddddddddddd:rdd..-dddd
dddddddddddddddddddddddddddddddddddddddddddrrdd..-dddd
.dddddddddddddddddddddddddddddddddddddddddddrrdd..--dd
..ddddddddddddddddddddddddddddddddddddddddddrrd..-~-dd
.....dddddddddddddddddddddddddddddddddddddddrr....-~-d
......ddddddddddddddddddddddddddddddddddddd.rr....-~-d
..........dddddddddddddddddddddddddddddddd..rr.....-~-
................ddddddddddddddddddddddd.....rr.h..-~~~
............................................rrhhhhh--~
............................................rrh^^hh.-~
............................................rr^^^^hhh-
...........................................rrh^^^^^hh.
............................................rh^^^^^^hh
...........................................rrh^^^^^^hh
-...........................................rhhh^^^^^h
-.............................................hh^^^^^^
~--jjjjjjjjjjjjjj..............................hhh^^^^
~~-jjjjjjjjjjjjjjjjjj...........................hh^^^-

[provinces]
5:-1 1:1 1:0 21:-1 2:12 3:-1 1:2 8:-1 12:3
4:-1 2:1 7:0 15:-1 1:12 4:-1 4:2 1:-1 4:4 8:3 4:5
5:-1 1:1 7:0 13:-1 2:12 6:-1 3:2 3:-1 3:4 6:3 5:5
5:-1 4:0 6:-1 4:13 5:12 10:-1 1:2 5:-1 2:4 5:3 7:5
12:-1 7:13 5:12 24:-1 6:5
7:-1 4:15 8:13 5:12 23:-1 6:5 1:-1
6:-1 6:15 7:13 4:12 2:11 23:-1 6:5
5:-1 6:15 8:13 2:12 6:11 20:-1 6:5 1:-1
5:-1 7:15 7:13 2:12 8:11 18:-1 2:6 5:5
4:-1 7:15 8:13 1:12 10:11 5:-1 7:9 3:8 4:6 5:5
4:-1 8:15 7:13 1:12 13:11 9:9 4:8 4:6 4:5
2:-1 9:15 3:13 6:14 13:11 8:9 4:8 5:6 4:5
2:-1 10:15 1:13 9:14 11:11 8:9 5:8 2:-1 3:6 2:5 1:7
11:15 11:14 11:11 7:9 5:8 1:10 1:-1 4:6 3:7
11:15 12:14 10:11 7:9 3:8 4:10 1:-1 6:7
10:15 14:14 9:11 6:9 2:8 6:10 1:-1 5:7 1:-1
1:-1 4:15 6:17 15:14 7:11 6:9 9:10 1:-1 5:7
3:15 8:17 16:14 6:11 5:9 10:10 1:-1 5:7
3:16 9:17 17:14 3:11 2:20 4:9 11:10 1:-1 4:7
3:16 10:17 15:14 6:20 3:9 12:10 1:-1 4:7
4:16 10:17 13:14 8:20 2:9 13:10 2:-1 2:7
4:16 10:17 11:14 1:19 9:20 12:21 2:10 3:-1 2:7
5:16 10:17 9:14 2:19 10:20 14:21 3:-1 1:7
5:16 10:17 7:14 3:19 10:20 15:21 3:-1 1:7
6:16 10:17 3:14 6:19 11:20 15:21 3:-1
7:16 9:17 1:14 8:19 10:20 15:21 4:-1
8:16 9:17 8:19 11:20 15:21 3:-1
8:16 8:17 9:19 11:20 13:21 3:22 2:-1
10:16 6:17 9:19 12:20 11:21 5:22 1:-1
11:16 3:17 2:18 9:19 12:20 10:21 7:22
12:16 2:17 4:18 7:19 13:20 9:21 7:22
12:16 7:18 6:19 12:20 8:21 9:22
1:-1 11:16 8:18 5:19 13:20 6:21 10:22
1:-1 10:16 9:18 5:19 12:20 6:21 11:22
3:-1 8:16 11:18 3:19 13:20 5:21 11:22
3:-1 7:16 13:18 2:19 12:20 5:21 11:22 1:-1

[meta]
0|prov_seville|2|7,2
1|prov_lisbon|2|4,1
2|prov_athens|2|36,2
3|prov_ankara|2|45,0
4|prov_izmir|2|39,1
5|prov_damascus|2|48,6
6|prov_jerusalem|2|47,8
7|prov_jeddah|2|50,19
8|prov_cairo|4|43,10
9|prov_alexandria|2|41,9
10|prov_aswan|1|45,16
11|prov_tripoli|2|25,7
12|prov_tunis|2|22,3
13|prov_algiers|2|15,3
14|prov_tamanrasset|1|18,18
15|prov_casablanca|2|6,6
16|prov_bamako|1|5,29
17|prov_timbuktu|1|10,24
18|prov_lagos|3|16,35
19|prov_kano|2|21,29
20|prov_ndjamena|1|27,29
21|prov_khartoum|2|44,25
22|prov_addis|2|50,32
