# SPDX-FileCopyrightText: 2026 AcideFluorhydrique
# SPDX-License-Identifier: GPL-3.0-or-later
# 由 tools/genworld.py 產生，請勿手動編輯。
format 1
id sea_asia
cols 54
rows 40

[terrain]
~-hhh..................--.-~~~~~~~~~~~~~~~~~~~~~~~~~~~
~-...................---.-~~~~~~~~~~~~~~~~~~~~~~~~~~~~
~---.................-~-..-~~~~~~~~~~~~~~~~~~~~~~~~~~~
-..-...............--~-..-~~~~~~~~~~~~~~~~~~~~~~~~~~~~
-...-..--:::...-----~~~---~~~~~~~~~~~~~~~~~~~~~~~~~~~~
....---.::::.--~~~~~~~~~~~~~~~~~~~~~~~~~~~~~~~~~~~~~~~
-.jj--jjj:::..-~~~~~~~~~~~~~~~~~~~~~~~~~~~~~~~~~~~~~~~
.jj-jjjj::::.-~~~~~~~~~-----~~~~~~~~~~~~~~~~~~~~~~~~~~
--j-jjjjj:::..-~~~~~~~~-....-~~~~~~~~~~~~~~~~~~~~~~~~~
-jjjjjjj::::..-~~~~~~~~-....-~~~~~~~~~~~~~~~~~~~~~~~~~
~--jjjjjj:::j.-~~~~~~~~-.....-~~~~~~~~~~~~~~~~~~~~~~~~
~~-jjjjj::::j.-~~~~~~~~-.....-~~~~~~~~~~~~~~~~~~~~~~~~
~~-jjjjjj:::j.-~~~~~~~~-......-~~~~~~~~~~~~~~~~~~~~~~~
~~-jjjjjj:::j-~~~~~~~~~-.....-~~~~~~~~~~~~~~~~~~~~~~~~
~~~---jjj:::j-~~~~~~~~~-......-~~~~~~~~~~~~~~~~~~~~~~~
~~~~-jjjj:::-~~~~~~~~~~-.....-~~~~~~~~~~~~~~~~~~~~~~~~
~~~~~-jjj::--~~~~~~~~~~-......-~~~~~~~~~~~~~~~~~~~~~~~
~~~~-jjj.:-~~~~~~~~~~~~-......-~~~~~~~~~~~~~~~~~~~~~~~
~~~~~-....-~~~~~~~~~~~~~-.....-~~~~~~~~~~~~~~~~~~~~~~~
~~~~-..---~~~~~~~~~--~~~-.....-~~~~~~~~~~~~~~~~~~~~~~~
~~~~~----~~~~~~~~~~-.-~~~-...--~~~~~~~~~~~~~~~~~~~~~~~
~--~-jjj-~~~~~~~~~~--~~~~----~~~~~~~~~~~~~~~~~~~~~~~~~
~-j---jjj-~~~~~~-------~~~~~~~~~~~~~~~~~~~~~~~~~~~~~~~
~-jj--jjj-~~~~--jjjjjj-~~~~~~~~~~~~~~~~~~~~~~~~~~~~~~~
~~-jjj-jj-~~~~-jjjjjjj-~~~~~~~~~~~~~~~~~~~~~~~~~~~~~~~
~~-jjj--j-~~~-jjjjjjjj-------~~~~~~~~~~~~~~~~~~~~~~~~~
~~~-jjj---~~~-jjjjjjjj-jj....-~~~~~~~~~~~~~~~~~~~~~~~~
~~~-jjj--~~~~-jjjjjjjj-jj...-~~~~--~~~~~~~~~~~~~~~~~~~
~~~~-jjjj-~~~~-jjjjjjj-jj....-~~~-j------~~~~~~~~~~~~~
~~~~-jjjj-~~~-jjjjjjjj-jj...-~~~~-jjjhhh-----~~~~~~~~~
~~~~~-jjjj-~~~-jjjjjjj--jj..-~~~~-jjj^^^^^hhh--~~~~~~~
~~~~~--jjj-~~~---------jjj.-~~~~~-jj^^^^^^^^^^--~~~~~~
~~~~~~~-jjj--~~~~~~~~~-....-~~~~~-jjj^^^^^^^^^^^--~~~~
~~~~~~~----j------~~~~-----~~~~~~--jjjj^^^^^^^^^^-~~~~
~~~~~~~~~~-:::::-.-~~~~~~~~~~~~~~~~--jjjjjjjj^^^^^-~~~
~~~~~~~~~~--::::::-~~~~~~~~~~~~~~~~~--.jjjjjjjj^^^--~~
~~~~~~~~~~~~------.-~~~~~~~~~~~~~~~~~~----jjjjjjjhhh-~
~~~~~~~~~~~~~~~~~--~~~~~~~~~~~~~~~~~~~~~~--------h..-~
~~~~~~~~~~~~~~~~~~~~~~~~~~~~~~~~~~~---~~~~----~~~----~
~~~~~~~~~~~~~~~~~~~~~~~~~~~~~~~~~~-..-~~~-...-~~~~~~~~

[provinces]
2:-1 11:1 1:9 6:0 3:2 2:-1 1:3 28:-1
2:-1 10:1 1:9 6:0 2:2 3:-1 1:3 29:-1
4:-1 7:1 3:9 5:0 2:2 3:-1 1:4 1:3 28:-1
1:-1 2:6 1:-1 5:1 4:9 5:0 1:2 4:-1 2:4 29:-1
1:-1 3:6 1:-1 2:1 2:-1 5:9 1:0 39:-1
4:6 3:-1 6:9 41:-1
1:-1 2:6 1:5 2:-1 2:8 6:9 40:-1
3:5 1:-1 4:8 5:9 41:-1
2:-1 1:5 1:-1 4:8 1:7 5:9 10:-1 4:20 26:-1
1:-1 3:5 2:8 3:7 5:9 10:-1 4:20 26:-1
3:-1 2:5 6:7 3:9 10:-1 5:20 25:-1
3:-1 1:5 6:7 4:10 10:-1 5:20 25:-1
3:-1 7:7 4:10 10:-1 5:20 1:21 24:-1
3:-1 5:7 2:11 3:10 11:-1 3:20 2:21 25:-1
6:-1 2:7 3:11 2:10 11:-1 2:20 4:21 24:-1
5:-1 2:7 3:11 2:10 12:-1 5:21 25:-1
6:-1 1:7 4:11 13:-1 6:21 24:-1
5:-1 1:7 4:11 14:-1 6:21 24:-1
6:-1 4:11 15:-1 5:21 24:-1
5:-1 2:11 18:-1 5:21 24:-1
20:-1 1:13 5:-1 3:21 25:-1
5:-1 3:12 46:-1
2:-1 1:17 3:-1 3:12 45:-1
2:-1 2:17 2:-1 3:12 7:-1 6:18 32:-1
3:-1 3:17 1:-1 2:12 6:-1 7:18 32:-1
3:-1 3:17 2:-1 1:14 5:-1 8:18 32:-1
4:-1 3:17 7:-1 8:18 1:-1 6:19 25:-1
4:-1 3:17 7:-1 8:18 1:-1 5:19 26:-1
5:-1 4:17 6:-1 7:18 1:-1 6:19 5:-1 1:22 19:-1
5:-1 4:17 5:-1 8:18 1:-1 5:19 6:-1 6:22 14:-1
6:-1 4:17 5:-1 7:18 2:-1 4:19 6:-1 11:22 9:-1
7:-1 3:17 13:-1 4:19 7:-1 12:22 8:-1
8:-1 3:17 12:-1 4:19 7:-1 14:22 6:-1
11:-1 1:15 23:-1 14:22 5:-1
11:-1 4:15 1:16 1:-1 1:16 19:-1 13:22 4:-1
12:-1 2:15 4:16 20:-1 12:22 4:-1
18:-1 1:16 23:-1 10:22 2:-1
49:-1 3:22 2:-1
54:-1
35:-1 2:22 5:-1 3:22 9:-1

[meta]
0|prov_guangzhou|3|17,3
1|prov_kunming|2|7,1
2|prov_hong_kong|3|18,3
3|prov_taipei|3|25,0
4|prov_kaohsiung|2|23,3
5|prov_yangon|2|1,9
6|prov_mandalay|1|1,4
7|prov_bangkok|3|6,12
8|prov_chiang_mai|1|4,7
9|prov_hanoi|2|10,5
10|prov_ho_chi_minh|3|11,15
11|prov_phnom_penh|1|9,15
12|prov_kuala_lumpur|2|7,24
13|prov_kota_kinabalu|1|20,20
14|prov_singapore|3|8,25
15|prov_jakarta|3|11,33
16|prov_surabaya|2|17,34
17|prov_medan|2|3,23
18|prov_banjarmasin|1|19,30
19|prov_makassar|1|23,32
20|prov_manila|3|24,11
21|prov_cebu|1|27,16
22|prov_port_moresby|1|49,37
